
> olx@0.1.0 build
> set NODE_OPTIONS=--openssl-legacy-provider&&react-scripts build

node.exe : 
(node:25392) 
[DEP0176] 
DeprecationWarning: 
fs.F_OK is 
deprecated, use 
fs.constants.F_OK 
instead
At line:1 char:1
+ & 
"D:\vsc/node.exe" "C:
\Users\hp\AppData\Roa
ming\npm/node_modules
/npm ...
+ ~~~~~~~~~~~~~~~~~~~
~~~~~~~~~~~~~~~~~~~~~
~~~~~~~~~~~~~~~~~~~~~
~~~~~~~~
    + CategoryInfo   
           : NotSpe  
  cified: ((node:2   
 5392) [D...ts.F_    
OK instead:Strin    
g) [], RemoteExc    
eption
    + FullyQualified 
   ErrorId : Native  
  CommandError
 
(Use `node 
--trace-deprecation 
...` to show where 
the warning was 
created)
Creating an optimized production build...
Browserslist: 
caniuse-lite is 
outdated. Please run:
npx 
browserslist@latest 
--update-db

Why you should do it 
regularly:
https://github.com/br
owserslist/browsersli
st#browsers-data-upda
ting

Treating warnings as errors because process.env.CI = true.
Most CI servers set it automatically.

Failed to compile.

src\App.js
  Line 2:8:  'react' is defined but never used  no-unused-vars

src\Components\Header\Header.js
  Line 2:8:  'react' is defined but never used  no-unused-vars

src\Components\Login\Login.js
  Line 38:9:  img elements must have an alt prop, either with meaningful text, or an empty string for decorative images                                                                                                                                                                                                                                                                jsx-a11y/alt-text
  Line 66:9:  The href attribute is required for an anchor to be keyboard accessible. Provide a valid, navigable address as the href value. If you cannot provide an href, but still need the element to resemble a link, use a button and change it with appropriate styles. Learn more: https://github.com/evcohen/eslint-plugin-jsx-a11y/blob/master/docs/rules/anchor-is-valid.md  jsx-a11y/anchor-is-valid

src\Components\Posts\Posts.js
  Line 26:3:  React Hook useEffect has a missing dependency: 'firebase'. Either include it or remove the dependency array  react-hooks/exhaustive-deps

src\Components\Signup\Signup.js
  Line 60:9:   img elements must have an alt prop, either with meaningful text, or an empty string for decorative images                                                                                                                                                                                                                                                                jsx-a11y/alt-text
  Line 114:9:  The href attribute is required for an anchor to be keyboard accessible. Provide a valid, navigable address as the href value. If you cannot provide an href, but still need the element to resemble a link, use a button and change it with appropriate styles. Learn more: https://github.com/evcohen/eslint-plugin-jsx-a11y/blob/master/docs/rules/anchor-is-valid.md  jsx-a11y/anchor-is-valid


